// Jest Snapshot v1, https://goo.gl/fbAQLP

exports[`Content Component return five items: Content 1`] = `
<div>
  <SubNavBar
    title="Popular Movies"
  />
  <div
    className="m-5"
  >
    <div
      className="d-flex flex-column flex-sm-row justify-content-between m-3 h-100"
      style={
        Object {
          "width": "90%",
        }
      }
    >
      <SearchBox
        searchChange={[Function]}
        searchClick={[Function]}
        searchPlaceholder="Search..."
        searchValue="Mocking"
      />
      <div
        className="dropdown mt-5 mt-sm-0"
      >
        <button
          className="btn btn-light dropdown-toggle"
          data-toggle="dropdown"
          id="orderButton"
          onClick={[Function]}
          type="button"
        >
          Title Ascending
        </button>
        <div
          className="dropdown-menu dropdown-menu-right"
          id="dropdownMovies"
        >
          <button
            className="dropdown-item"
            key="0"
          >
            Year ascending
          </button>
          <button
            className="dropdown-item"
            key="1"
          >
            Year descending
          </button>
          <button
            className="dropdown-item"
            key="2"
          >
            Title ascending
          </button>
          <button
            className="dropdown-item"
            key="3"
          >
            Title descending
          </button>
        </div>
      </div>
    </div>
    <div
      className="d-flex justify-content-start flex-wrap mx-3"
    >
      <SeriesMoviesList
        classList="pr-3 pt-3 pb-3"
        values={
          Array [
            Object {
              "description": "Lorem ipsum dolor sit amet, consectetur adipiscing elit, sed do eiusmod tempor incididunt ut labore et dolore magna aliqua. Ut enim ad minim veniam, quis nostrud exercitation ullamco laboris nisi ut aliquip ex ea commodo consequat.",
              "images": Object {
                "Poster Art": Object {
                  "height": 1500,
                  "url": "https://streamcoimg-a.akamaihd.net/000/128/61/12861-PosterArt-ec32a81986a45eac7e080112075ab466.jpg",
                  "width": 1000,
                },
              },
              "programType": "series",
              "releaseYear": 2016,
              "title": "Wolf Creek",
            },
            Object {
              "description": "Lorem ipsum dolor sit amet, consectetur adipiscing elit, sed do eiusmod tempor incididunt ut labore et dolore magna aliqua. Ut enim ad minim veniam, quis nostrud exercitation ullamco laboris nisi ut aliquip ex ea commodo consequat.",
              "images": Object {
                "Poster Art": Object {
                  "height": 1500,
                  "url": "https://streamcoimg-a.akamaihd.net/000/106/36/10636-PosterArt-9add943c5e62c2d89f6d31458d33508a.jpg",
                  "width": 1000,
                },
              },
              "programType": "series",
              "releaseYear": 2015,
              "title": "No Activity",
            },
            Object {
              "description": "Lorem ipsum dolor sit amet, consectetur adipiscing elit, sed do eiusmod tempor incididunt ut labore et dolore magna aliqua. Ut enim ad minim veniam, quis nostrud exercitation ullamco laboris nisi ut aliquip ex ea commodo consequat.",
              "images": Object {
                "Poster Art": Object {
                  "height": 1080,
                  "url": "https://streamcoimg-a.akamaihd.net/000/117/25/11725-PosterArt-deecf8dbd786dfa2d964413b0bf83726.jpg",
                  "width": 720,
                },
              },
              "programType": "series",
              "releaseYear": 2016,
              "title": "Billions",
            },
            Object {
              "description": "Lorem ipsum dolor sit amet, consectetur adipiscing elit, sed do eiusmod tempor incididunt ut labore et dolore magna aliqua. Ut enim ad minim veniam, quis nostrud exercitation ullamco laboris nisi ut aliquip ex ea commodo consequat.",
              "images": Object {
                "Poster Art": Object {
                  "height": 1500,
                  "url": "https://streamcoimg-a.akamaihd.net/000/175/7/1757-PosterArt-fc0e2a5b18d4a662717f3cbb1827871d.jpg",
                  "width": 1000,
                },
              },
              "programType": "series",
              "releaseYear": 2015,
              "title": "Better Call Saul",
            },
            Object {
              "description": "Lorem ipsum dolor sit amet, consectetur adipiscing elit, sed do eiusmod tempor incididunt ut labore et dolore magna aliqua. Ut enim ad minim veniam, quis nostrud exercitation ullamco laboris nisi ut aliquip ex ea commodo consequat.",
              "images": Object {
                "Poster Art": Object {
                  "height": 1500,
                  "url": "https://streamcoimg-a.akamaihd.net/000/143/24/14324-PosterArt-a0168953a3b93681dbd60c7bcc50a0af.jpg",
                  "width": 1000,
                },
              },
              "programType": "series",
              "releaseYear": 2015,
              "title": "Younger",
            },
          ]
        }
      />
    </div>
  </div>
</div>
`;
