// Jest Snapshot v1, https://goo.gl/fbAQLP

exports[`Footer Component return Footer: Footer 1`] = `
<footer
  className="myfooter d-flex bg-dark position-fixed fixed-bottom px-5"
>
  <div
    className="flex-cloumn w-100"
  >
    <p
      className="text-light texts pt-5"
    >
      Home | Terms and Conditions | Privacy Policy | Collection Statement | Help | Manage Account
    </p>
    <p
      className="text-light texts font-weight-light pt-1"
    >
      Copyright 2016 DEMO Streaming. All Rights Reserved
    </p>
    <div
      className="row justify-content-between pb-5 pt-3"
    >
      <div
        className="col-12 d-flex"
      >
        <span
          className="mr-auto"
        >
          <img
            alt="facebook-icon"
            className="social-image-face pr-4 pb-2"
            src="./assets/images/social/facebook-white.svg "
          />
          <img
            alt="twitter-icon"
            className="social-image pr-4 pb-2"
            src="./assets/images/social/twitter-white.svg"
          />
          <img
            alt="instagram-icon"
            className="social-image pr-4 pb-2"
            src="./assets/images/social/instagram-white.svg"
          />
        </span>
        <span
          className="ml-auto"
        >
          <img
            alt="app-store"
            className="store-image pr-4 pb-1"
            src="./assets/images/store/app-store.svg"
          />
          <img
            alt="play-store"
            className="store-image pr-4 pb-1"
            src="./assets/images/store/play-store.svg"
          />
          <img
            alt="win-store"
            className="store-image pr-4 pb-1"
            src="./assets/images/store/windows-store.svg"
          />
        </span>
      </div>
    </div>
  </div>
</footer>
`;
